[dotenv@17.3.1] injecting env (0) from .env -- tip: ≡ƒ¢á∩╕Å  run anywhere with `dotenvx run -- yourcommand`
--- TEST 1: First topic (Gravity) ---
Identified: { subject: 'Physics', topic: 'Gravity' }
Access: { allowed: true }
\n--- TEST 2: Second topic (Momentum) UNLOCKED ---
Identified: { subject: 'Physics', topic: 'Momentum' }
Access: { allowed: true }
\n--- TEST 3: Third topic (Thermodynamics) LOCKED ---
Identified: { subject: 'Physics', topic: 'Thermodynamics' }
Access: {
  allowed: false,
  reason: 'Please complete the previous topic: **Momentum** in **Physics** first.',
  lockedTopic: 'Thermodynamics',
  requiredTopic: 'Momentum'
}
